---
source: src/converter/tests.rs
expression: output
---
<h2>Introduction</h2><p>This is a paragraph with <strong>bold</strong>, <em>italic</em>, and <span style="text-decoration: line-through;">strikethrough</span> text.
Also <code>inline code</code> here.</p><h2>Code Examples</h2><ac:structured-macro ac:name="expand"><ac:parameter ac:name="title">Source</ac:parameter><ac:rich-text-body><ac:structured-macro ac:name="code"><ac:parameter ac:name="language">python</ac:parameter><ac:plain-text-body><![CDATA[def greet(name):
    return f"Hello, {name}!"
]]></ac:plain-text-body></ac:structured-macro></ac:rich-text-body></ac:structured-macro><ac:structured-macro ac:name="expand"><ac:parameter ac:name="title">Source</ac:parameter><ac:rich-text-body><ac:structured-macro ac:name="code"><ac:plain-text-body><![CDATA[Plain code without language.
]]></ac:plain-text-body></ac:structured-macro></ac:rich-text-body></ac:structured-macro><h2>Data Table</h2><table><thead><tr><th>Name</th><th>Value</th><th>Description</th></tr></thead><tbody><tr><td>Alpha</td><td>1</td><td>First item</td></tr><tr><td>Beta</td><td>2</td><td>Second item</td></tr></tbody></table><h2>Links and Images</h2><p>Visit <a href="https://confluence.atlassian.com">Confluence</a> for docs.</p><p><ac:image ac:alt="" ac:width="100%"><ri:attachment ri:filename="architecture.png" /></ac:image></p><h2>Lists</h2><ul><li>Unordered item 1<ul><li>Nested item 1a</li><li>Nested item 1b<ul><li>Deep nested</li></ul></li></ul></li><li>Unordered item 2</li></ul><ol><li>Ordered first</li><li>Ordered second<ul><li>Mixed sub-bullet</li></ul></li><li>Ordered third</li></ol><h2>Blockquote</h2><blockquote><p>This is a blockquote
spanning multiple lines.</p></blockquote><hr /><p>Final paragraph.</p>
